\BOOKMARK [0][-]{chapter.1}{\376\377\0001\000\040\000H\000i\000e\000r\000a\000r\000c\000h\000i\000c\000a\000l\000\040\000I\000n\000d\000e\000x}{}% 1
\BOOKMARK [1][-]{section.1.1}{\376\377\0001\000.\0001\000\040\000C\000l\000a\000s\000s\000\040\000H\000i\000e\000r\000a\000r\000c\000h\000y}{chapter.1}% 2
\BOOKMARK [0][-]{chapter.2}{\376\377\0002\000\040\000C\000l\000a\000s\000s\000\040\000I\000n\000d\000e\000x}{}% 3
\BOOKMARK [1][-]{section.2.1}{\376\377\0002\000.\0001\000\040\000C\000l\000a\000s\000s\000\040\000L\000i\000s\000t}{chapter.2}% 4
\BOOKMARK [0][-]{chapter.3}{\376\377\0003\000\040\000F\000i\000l\000e\000\040\000I\000n\000d\000e\000x}{}% 5
\BOOKMARK [1][-]{section.3.1}{\376\377\0003\000.\0001\000\040\000F\000i\000l\000e\000\040\000L\000i\000s\000t}{chapter.3}% 6
\BOOKMARK [0][-]{chapter.4}{\376\377\0004\000\040\000C\000l\000a\000s\000s\000\040\000D\000o\000c\000u\000m\000e\000n\000t\000a\000t\000i\000o\000n}{}% 7
\BOOKMARK [1][-]{section.4.1}{\376\377\0004\000.\0001\000\040\000D\000e\000k\000o\000r\000a\000t\000o\000r\000\040\000C\000l\000a\000s\000s\000\040\000R\000e\000f\000e\000r\000e\000n\000c\000e}{chapter.4}% 8
\BOOKMARK [2][-]{subsection.4.1.1}{\376\377\0004\000.\0001\000.\0001\000\040\000D\000e\000t\000a\000i\000l\000e\000d\000\040\000D\000e\000s\000c\000r\000i\000p\000t\000i\000o\000n}{section.4.1}% 9
\BOOKMARK [2][-]{subsection.4.1.2}{\376\377\0004\000.\0001\000.\0002\000\040\000C\000o\000n\000s\000t\000r\000u\000c\000t\000o\000r\000\040\000\046\000\040\000D\000e\000s\000t\000r\000u\000c\000t\000o\000r\000\040\000D\000o\000c\000u\000m\000e\000n\000t\000a\000t\000i\000o\000n}{section.4.1}% 10
\BOOKMARK [3][-]{subsubsection.4.1.2.1}{\376\377\0004\000.\0001\000.\0002\000.\0001\000\040\000D\000e\000k\000o\000r\000a\000t\000o\000r\000\050\000\051}{subsection.4.1.2}% 11
\BOOKMARK [2][-]{subsection.4.1.3}{\376\377\0004\000.\0001\000.\0003\000\040\000M\000e\000m\000b\000e\000r\000\040\000F\000u\000n\000c\000t\000i\000o\000n\000\040\000D\000o\000c\000u\000m\000e\000n\000t\000a\000t\000i\000o\000n}{section.4.1}% 12
\BOOKMARK [3][-]{subsubsection.4.1.3.1}{\376\377\0004\000.\0001\000.\0003\000.\0001\000\040\000k\000l\000o\000n\000u\000j\000\050\000\051}{subsection.4.1.3}% 13
\BOOKMARK [3][-]{subsubsection.4.1.3.2}{\376\377\0004\000.\0001\000.\0003\000.\0002\000\040\000s\000e\000r\000i\000a\000l\000i\000z\000u\000j\000\050\000\051}{subsection.4.1.3}% 14
\BOOKMARK [3][-]{subsubsection.4.1.3.3}{\376\377\0004\000.\0001\000.\0003\000.\0003\000\040\000s\000y\000m\000u\000l\000u\000j\000\050\000\051}{subsection.4.1.3}% 15
\BOOKMARK [2][-]{subsection.4.1.4}{\376\377\0004\000.\0001\000.\0004\000\040\000M\000e\000m\000b\000e\000r\000\040\000D\000a\000t\000a\000\040\000D\000o\000c\000u\000m\000e\000n\000t\000a\000t\000i\000o\000n}{section.4.1}% 16
\BOOKMARK [3][-]{subsubsection.4.1.4.1}{\376\377\0004\000.\0001\000.\0004\000.\0001\000\040\000k\000o\000m\000p\000o\000n\000e\000n\000t}{subsection.4.1.4}% 17
\BOOKMARK [1][-]{section.4.2}{\376\377\0004\000.\0002\000\040\000D\000e\000k\000o\000r\000a\000t\000o\000r\000N\000a\000s\000y\000c\000e\000n\000i\000e\000\040\000C\000l\000a\000s\000s\000\040\000R\000e\000f\000e\000r\000e\000n\000c\000e}{chapter.4}% 18
\BOOKMARK [2][-]{subsection.4.2.1}{\376\377\0004\000.\0002\000.\0001\000\040\000D\000e\000t\000a\000i\000l\000e\000d\000\040\000D\000e\000s\000c\000r\000i\000p\000t\000i\000o\000n}{section.4.2}% 19
\BOOKMARK [2][-]{subsection.4.2.2}{\376\377\0004\000.\0002\000.\0002\000\040\000C\000o\000n\000s\000t\000r\000u\000c\000t\000o\000r\000\040\000\046\000\040\000D\000e\000s\000t\000r\000u\000c\000t\000o\000r\000\040\000D\000o\000c\000u\000m\000e\000n\000t\000a\000t\000i\000o\000n}{section.4.2}% 20
\BOOKMARK [3][-]{subsubsection.4.2.2.1}{\376\377\0004\000.\0002\000.\0002\000.\0001\000\040\000D\000e\000k\000o\000r\000a\000t\000o\000r\000N\000a\000s\000y\000c\000e\000n\000i\000e\000\050\000\051}{subsection.4.2.2}% 21
\BOOKMARK [2][-]{subsection.4.2.3}{\376\377\0004\000.\0002\000.\0003\000\040\000M\000e\000m\000b\000e\000r\000\040\000F\000u\000n\000c\000t\000i\000o\000n\000\040\000D\000o\000c\000u\000m\000e\000n\000t\000a\000t\000i\000o\000n}{section.4.2}% 22
\BOOKMARK [3][-]{subsubsection.4.2.3.1}{\376\377\0004\000.\0002\000.\0003\000.\0001\000\040\000k\000l\000o\000n\000u\000j\000\050\000\051}{subsection.4.2.3}% 23
\BOOKMARK [3][-]{subsubsection.4.2.3.2}{\376\377\0004\000.\0002\000.\0003\000.\0002\000\040\000s\000e\000r\000i\000a\000l\000i\000z\000u\000j\000\050\000\051}{subsection.4.2.3}% 24
\BOOKMARK [3][-]{subsubsection.4.2.3.3}{\376\377\0004\000.\0002\000.\0003\000.\0003\000\040\000s\000y\000m\000u\000l\000u\000j\000\050\000\051}{subsection.4.2.3}% 25
\BOOKMARK [1][-]{section.4.3}{\376\377\0004\000.\0003\000\040\000D\000e\000k\000o\000r\000a\000t\000o\000r\000P\000r\000o\000s\000t\000o\000k\000a\000t\000\040\000C\000l\000a\000s\000s\000\040\000R\000e\000f\000e\000r\000e\000n\000c\000e}{chapter.4}% 26
\BOOKMARK [2][-]{subsection.4.3.1}{\376\377\0004\000.\0003\000.\0001\000\040\000D\000e\000t\000a\000i\000l\000e\000d\000\040\000D\000e\000s\000c\000r\000i\000p\000t\000i\000o\000n}{section.4.3}% 27
\BOOKMARK [2][-]{subsection.4.3.2}{\376\377\0004\000.\0003\000.\0002\000\040\000C\000o\000n\000s\000t\000r\000u\000c\000t\000o\000r\000\040\000\046\000\040\000D\000e\000s\000t\000r\000u\000c\000t\000o\000r\000\040\000D\000o\000c\000u\000m\000e\000n\000t\000a\000t\000i\000o\000n}{section.4.3}% 28
\BOOKMARK [3][-]{subsubsection.4.3.2.1}{\376\377\0004\000.\0003\000.\0002\000.\0001\000\040\000D\000e\000k\000o\000r\000a\000t\000o\000r\000P\000r\000o\000s\000t\000o\000k\000a\000t\000\050\000\051}{subsection.4.3.2}% 29
\BOOKMARK [2][-]{subsection.4.3.3}{\376\377\0004\000.\0003\000.\0003\000\040\000M\000e\000m\000b\000e\000r\000\040\000F\000u\000n\000c\000t\000i\000o\000n\000\040\000D\000o\000c\000u\000m\000e\000n\000t\000a\000t\000i\000o\000n}{section.4.3}% 30
\BOOKMARK [3][-]{subsubsection.4.3.3.1}{\376\377\0004\000.\0003\000.\0003\000.\0001\000\040\000k\000l\000o\000n\000u\000j\000\050\000\051}{subsection.4.3.3}% 31
\BOOKMARK [3][-]{subsubsection.4.3.3.2}{\376\377\0004\000.\0003\000.\0003\000.\0002\000\040\000s\000e\000r\000i\000a\000l\000i\000z\000u\000j\000\050\000\051}{subsection.4.3.3}% 32
\BOOKMARK [3][-]{subsubsection.4.3.3.3}{\376\377\0004\000.\0003\000.\0003\000.\0003\000\040\000s\000y\000m\000u\000l\000u\000j\000\050\000\051}{subsection.4.3.3}% 33
\BOOKMARK [1][-]{section.4.4}{\376\377\0004\000.\0004\000\040\000D\000e\000k\000o\000r\000a\000t\000o\000r\000S\000i\000n\000u\000s\000\040\000C\000l\000a\000s\000s\000\040\000R\000e\000f\000e\000r\000e\000n\000c\000e}{chapter.4}% 34
\BOOKMARK [2][-]{subsection.4.4.1}{\376\377\0004\000.\0004\000.\0001\000\040\000D\000e\000t\000a\000i\000l\000e\000d\000\040\000D\000e\000s\000c\000r\000i\000p\000t\000i\000o\000n}{section.4.4}% 35
\BOOKMARK [2][-]{subsection.4.4.2}{\376\377\0004\000.\0004\000.\0002\000\040\000C\000o\000n\000s\000t\000r\000u\000c\000t\000o\000r\000\040\000\046\000\040\000D\000e\000s\000t\000r\000u\000c\000t\000o\000r\000\040\000D\000o\000c\000u\000m\000e\000n\000t\000a\000t\000i\000o\000n}{section.4.4}% 36
\BOOKMARK [3][-]{subsubsection.4.4.2.1}{\376\377\0004\000.\0004\000.\0002\000.\0001\000\040\000D\000e\000k\000o\000r\000a\000t\000o\000r\000S\000i\000n\000u\000s\000\050\000\051}{subsection.4.4.2}% 37
\BOOKMARK [2][-]{subsection.4.4.3}{\376\377\0004\000.\0004\000.\0003\000\040\000M\000e\000m\000b\000e\000r\000\040\000F\000u\000n\000c\000t\000i\000o\000n\000\040\000D\000o\000c\000u\000m\000e\000n\000t\000a\000t\000i\000o\000n}{section.4.4}% 38
\BOOKMARK [3][-]{subsubsection.4.4.3.1}{\376\377\0004\000.\0004\000.\0003\000.\0001\000\040\000k\000l\000o\000n\000u\000j\000\050\000\051}{subsection.4.4.3}% 39
\BOOKMARK [3][-]{subsubsection.4.4.3.2}{\376\377\0004\000.\0004\000.\0003\000.\0002\000\040\000s\000e\000r\000i\000a\000l\000i\000z\000u\000j\000\050\000\051}{subsection.4.4.3}% 40
\BOOKMARK [3][-]{subsubsection.4.4.3.3}{\376\377\0004\000.\0004\000.\0003\000.\0003\000\040\000s\000y\000m\000u\000l\000u\000j\000\050\000\051}{subsection.4.4.3}% 41
\BOOKMARK [1][-]{section.4.5}{\376\377\0004\000.\0005\000\040\000D\000e\000k\000o\000r\000a\000t\000o\000r\000S\000z\000u\000m\000B\000i\000a\000l\000y\000\040\000C\000l\000a\000s\000s\000\040\000R\000e\000f\000e\000r\000e\000n\000c\000e}{chapter.4}% 42
\BOOKMARK [2][-]{subsection.4.5.1}{\376\377\0004\000.\0005\000.\0001\000\040\000D\000e\000t\000a\000i\000l\000e\000d\000\040\000D\000e\000s\000c\000r\000i\000p\000t\000i\000o\000n}{section.4.5}% 43
\BOOKMARK [2][-]{subsection.4.5.2}{\376\377\0004\000.\0005\000.\0002\000\040\000C\000o\000n\000s\000t\000r\000u\000c\000t\000o\000r\000\040\000\046\000\040\000D\000e\000s\000t\000r\000u\000c\000t\000o\000r\000\040\000D\000o\000c\000u\000m\000e\000n\000t\000a\000t\000i\000o\000n}{section.4.5}% 44
\BOOKMARK [3][-]{subsubsection.4.5.2.1}{\376\377\0004\000.\0005\000.\0002\000.\0001\000\040\000D\000e\000k\000o\000r\000a\000t\000o\000r\000S\000z\000u\000m\000B\000i\000a\000l\000y\000\050\000\051}{subsection.4.5.2}% 45
\BOOKMARK [2][-]{subsection.4.5.3}{\376\377\0004\000.\0005\000.\0003\000\040\000M\000e\000m\000b\000e\000r\000\040\000F\000u\000n\000c\000t\000i\000o\000n\000\040\000D\000o\000c\000u\000m\000e\000n\000t\000a\000t\000i\000o\000n}{section.4.5}% 46
\BOOKMARK [3][-]{subsubsection.4.5.3.1}{\376\377\0004\000.\0005\000.\0003\000.\0001\000\040\000k\000l\000o\000n\000u\000j\000\050\000\051}{subsection.4.5.3}% 47
\BOOKMARK [3][-]{subsubsection.4.5.3.2}{\376\377\0004\000.\0005\000.\0003\000.\0002\000\040\000s\000e\000r\000i\000a\000l\000i\000z\000u\000j\000\050\000\051}{subsection.4.5.3}% 48
\BOOKMARK [3][-]{subsubsection.4.5.3.3}{\376\377\0004\000.\0005\000.\0003\000.\0003\000\040\000s\000y\000m\000u\000l\000u\000j\000\050\000\051}{subsection.4.5.3}% 49
\BOOKMARK [1][-]{section.4.6}{\376\377\0004\000.\0006\000\040\000D\000e\000k\000o\000r\000a\000t\000o\000r\000T\000r\000o\000j\000k\000a\000t\000\040\000C\000l\000a\000s\000s\000\040\000R\000e\000f\000e\000r\000e\000n\000c\000e}{chapter.4}% 50
\BOOKMARK [2][-]{subsection.4.6.1}{\376\377\0004\000.\0006\000.\0001\000\040\000D\000e\000t\000a\000i\000l\000e\000d\000\040\000D\000e\000s\000c\000r\000i\000p\000t\000i\000o\000n}{section.4.6}% 51
\BOOKMARK [2][-]{subsection.4.6.2}{\376\377\0004\000.\0006\000.\0002\000\040\000C\000o\000n\000s\000t\000r\000u\000c\000t\000o\000r\000\040\000\046\000\040\000D\000e\000s\000t\000r\000u\000c\000t\000o\000r\000\040\000D\000o\000c\000u\000m\000e\000n\000t\000a\000t\000i\000o\000n}{section.4.6}% 52
\BOOKMARK [3][-]{subsubsection.4.6.2.1}{\376\377\0004\000.\0006\000.\0002\000.\0001\000\040\000D\000e\000k\000o\000r\000a\000t\000o\000r\000T\000r\000o\000j\000k\000a\000t\000\050\000\051}{subsection.4.6.2}% 53
\BOOKMARK [2][-]{subsection.4.6.3}{\376\377\0004\000.\0006\000.\0003\000\040\000M\000e\000m\000b\000e\000r\000\040\000F\000u\000n\000c\000t\000i\000o\000n\000\040\000D\000o\000c\000u\000m\000e\000n\000t\000a\000t\000i\000o\000n}{section.4.6}% 54
\BOOKMARK [3][-]{subsubsection.4.6.3.1}{\376\377\0004\000.\0006\000.\0003\000.\0001\000\040\000k\000l\000o\000n\000u\000j\000\050\000\051}{subsection.4.6.3}% 55
\BOOKMARK [3][-]{subsubsection.4.6.3.2}{\376\377\0004\000.\0006\000.\0003\000.\0002\000\040\000s\000e\000r\000i\000a\000l\000i\000z\000u\000j\000\050\000\051}{subsection.4.6.3}% 56
\BOOKMARK [3][-]{subsubsection.4.6.3.3}{\376\377\0004\000.\0006\000.\0003\000.\0003\000\040\000s\000y\000m\000u\000l\000u\000j\000\050\000\051}{subsection.4.6.3}% 57
\BOOKMARK [1][-]{section.4.7}{\376\377\0004\000.\0007\000\040\000K\000o\000n\000f\000i\000g\000u\000r\000a\000c\000j\000a\000\040\000C\000l\000a\000s\000s\000\040\000R\000e\000f\000e\000r\000e\000n\000c\000e}{chapter.4}% 58
\BOOKMARK [2][-]{subsection.4.7.1}{\376\377\0004\000.\0007\000.\0001\000\040\000D\000e\000t\000a\000i\000l\000e\000d\000\040\000D\000e\000s\000c\000r\000i\000p\000t\000i\000o\000n}{section.4.7}% 59
\BOOKMARK [2][-]{subsection.4.7.2}{\376\377\0004\000.\0007\000.\0002\000\040\000M\000e\000m\000b\000e\000r\000\040\000F\000u\000n\000c\000t\000i\000o\000n\000\040\000D\000o\000c\000u\000m\000e\000n\000t\000a\000t\000i\000o\000n}{section.4.7}% 60
\BOOKMARK [3][-]{subsubsection.4.7.2.1}{\376\377\0004\000.\0007\000.\0002\000.\0001\000\040\000w\000c\000z\000y\000t\000a\000j\000\050\000\051}{subsection.4.7.2}% 61
\BOOKMARK [3][-]{subsubsection.4.7.2.2}{\376\377\0004\000.\0007\000.\0002\000.\0002\000\040\000z\000a\000p\000i\000s\000z\000\050\000\051}{subsection.4.7.2}% 62
\BOOKMARK [1][-]{section.4.8}{\376\377\0004\000.\0008\000\040\000M\000o\000d\000e\000l\000A\000R\000X\000\040\000C\000l\000a\000s\000s\000\040\000R\000e\000f\000e\000r\000e\000n\000c\000e}{chapter.4}% 63
\BOOKMARK [2][-]{subsection.4.8.1}{\376\377\0004\000.\0008\000.\0001\000\040\000D\000e\000t\000a\000i\000l\000e\000d\000\040\000D\000e\000s\000c\000r\000i\000p\000t\000i\000o\000n}{section.4.8}% 64
\BOOKMARK [2][-]{subsection.4.8.2}{\376\377\0004\000.\0008\000.\0002\000\040\000C\000o\000n\000s\000t\000r\000u\000c\000t\000o\000r\000\040\000\046\000\040\000D\000e\000s\000t\000r\000u\000c\000t\000o\000r\000\040\000D\000o\000c\000u\000m\000e\000n\000t\000a\000t\000i\000o\000n}{section.4.8}% 65
\BOOKMARK [3][-]{subsubsection.4.8.2.1}{\376\377\0004\000.\0008\000.\0002\000.\0001\000\040\000M\000o\000d\000e\000l\000A\000R\000X\000\050\000\051\000\040\000[\0001\000/\0002\000]}{subsection.4.8.2}% 66
\BOOKMARK [3][-]{subsubsection.4.8.2.2}{\376\377\0004\000.\0008\000.\0002\000.\0002\000\040\000M\000o\000d\000e\000l\000A\000R\000X\000\050\000\051\000\040\000[\0002\000/\0002\000]}{subsection.4.8.2}% 67
\BOOKMARK [2][-]{subsection.4.8.3}{\376\377\0004\000.\0008\000.\0003\000\040\000M\000e\000m\000b\000e\000r\000\040\000F\000u\000n\000c\000t\000i\000o\000n\000\040\000D\000o\000c\000u\000m\000e\000n\000t\000a\000t\000i\000o\000n}{section.4.8}% 68
\BOOKMARK [3][-]{subsubsection.4.8.3.1}{\376\377\0004\000.\0008\000.\0003\000.\0001\000\040\000s\000e\000r\000i\000a\000l\000i\000z\000u\000j\000\050\000\051}{subsection.4.8.3}% 69
\BOOKMARK [3][-]{subsubsection.4.8.3.2}{\376\377\0004\000.\0008\000.\0003\000.\0002\000\040\000s\000y\000m\000u\000l\000u\000j\000\050\000\051}{subsection.4.8.3}% 70
\BOOKMARK [1][-]{section.4.9}{\376\377\0004\000.\0009\000\040\000N\000a\000s\000y\000c\000e\000n\000i\000e\000\040\000C\000l\000a\000s\000s\000\040\000R\000e\000f\000e\000r\000e\000n\000c\000e}{chapter.4}% 71
\BOOKMARK [2][-]{subsection.4.9.1}{\376\377\0004\000.\0009\000.\0001\000\040\000M\000e\000m\000b\000e\000r\000\040\000F\000u\000n\000c\000t\000i\000o\000n\000\040\000D\000o\000c\000u\000m\000e\000n\000t\000a\000t\000i\000o\000n}{section.4.9}% 72
\BOOKMARK [3][-]{subsubsection.4.9.1.1}{\376\377\0004\000.\0009\000.\0001\000.\0001\000\040\000s\000e\000r\000i\000a\000l\000i\000z\000u\000j\000\050\000\051}{subsection.4.9.1}% 73
\BOOKMARK [1][-]{section.4.10}{\376\377\0004\000.\0001\0000\000\040\000O\000b\000i\000e\000k\000t\000S\000I\000S\000O\000\040\000C\000l\000a\000s\000s\000\040\000R\000e\000f\000e\000r\000e\000n\000c\000e}{chapter.4}% 74
\BOOKMARK [2][-]{subsection.4.10.1}{\376\377\0004\000.\0001\0000\000.\0001\000\040\000D\000e\000t\000a\000i\000l\000e\000d\000\040\000D\000e\000s\000c\000r\000i\000p\000t\000i\000o\000n}{section.4.10}% 75
\BOOKMARK [2][-]{subsection.4.10.2}{\376\377\0004\000.\0001\0000\000.\0002\000\040\000M\000e\000m\000b\000e\000r\000\040\000F\000u\000n\000c\000t\000i\000o\000n\000\040\000D\000o\000c\000u\000m\000e\000n\000t\000a\000t\000i\000o\000n}{section.4.10}% 76
\BOOKMARK [3][-]{subsubsection.4.10.2.1}{\376\377\0004\000.\0001\0000\000.\0002\000.\0001\000\040\000s\000y\000m\000u\000l\000u\000j\000\050\000\051}{subsection.4.10.2}% 77
\BOOKMARK [1][-]{section.4.11}{\376\377\0004\000.\0001\0001\000\040\000O\000b\000i\000e\000k\000t\000S\000t\000a\000t\000y\000c\000z\000n\000y\000\040\000C\000l\000a\000s\000s\000\040\000R\000e\000f\000e\000r\000e\000n\000c\000e}{chapter.4}% 78
\BOOKMARK [2][-]{subsection.4.11.1}{\376\377\0004\000.\0001\0001\000.\0001\000\040\000D\000e\000t\000a\000i\000l\000e\000d\000\040\000D\000e\000s\000c\000r\000i\000p\000t\000i\000o\000n}{section.4.11}% 79
\BOOKMARK [2][-]{subsection.4.11.2}{\376\377\0004\000.\0001\0001\000.\0002\000\040\000C\000o\000n\000s\000t\000r\000u\000c\000t\000o\000r\000\040\000\046\000\040\000D\000e\000s\000t\000r\000u\000c\000t\000o\000r\000\040\000D\000o\000c\000u\000m\000e\000n\000t\000a\000t\000i\000o\000n}{section.4.11}% 80
\BOOKMARK [3][-]{subsubsection.4.11.2.1}{\376\377\0004\000.\0001\0001\000.\0002\000.\0001\000\040\000O\000b\000i\000e\000k\000t\000S\000t\000a\000t\000y\000c\000z\000n\000y\000\050\000\051\000\040\000[\0001\000/\0002\000]}{subsection.4.11.2}% 81
\BOOKMARK [3][-]{subsubsection.4.11.2.2}{\376\377\0004\000.\0001\0001\000.\0002\000.\0002\000\040\000O\000b\000i\000e\000k\000t\000S\000t\000a\000t\000y\000c\000z\000n\000y\000\050\000\051\000\040\000[\0002\000/\0002\000]}{subsection.4.11.2}% 82
\BOOKMARK [2][-]{subsection.4.11.3}{\376\377\0004\000.\0001\0001\000.\0003\000\040\000M\000e\000m\000b\000e\000r\000\040\000F\000u\000n\000c\000t\000i\000o\000n\000\040\000D\000o\000c\000u\000m\000e\000n\000t\000a\000t\000i\000o\000n}{section.4.11}% 83
\BOOKMARK [3][-]{subsubsection.4.11.3.1}{\376\377\0004\000.\0001\0001\000.\0003\000.\0001\000\040\000s\000e\000r\000i\000a\000l\000i\000z\000u\000j\000\050\000\051}{subsection.4.11.3}% 84
\BOOKMARK [3][-]{subsubsection.4.11.3.2}{\376\377\0004\000.\0001\0001\000.\0003\000.\0002\000\040\000s\000y\000m\000u\000l\000u\000j\000\050\000\051}{subsection.4.11.3}% 85
\BOOKMARK [1][-]{section.4.12}{\376\377\0004\000.\0001\0002\000\040\000P\000e\000t\000l\000a\000U\000A\000R\000\040\000C\000l\000a\000s\000s\000\040\000R\000e\000f\000e\000r\000e\000n\000c\000e}{chapter.4}% 86
\BOOKMARK [2][-]{subsection.4.12.1}{\376\377\0004\000.\0001\0002\000.\0001\000\040\000D\000e\000t\000a\000i\000l\000e\000d\000\040\000D\000e\000s\000c\000r\000i\000p\000t\000i\000o\000n}{section.4.12}% 87
\BOOKMARK [2][-]{subsection.4.12.2}{\376\377\0004\000.\0001\0002\000.\0002\000\040\000M\000e\000m\000b\000e\000r\000\040\000F\000u\000n\000c\000t\000i\000o\000n\000\040\000D\000o\000c\000u\000m\000e\000n\000t\000a\000t\000i\000o\000n}{section.4.12}% 88
\BOOKMARK [3][-]{subsubsection.4.12.2.1}{\376\377\0004\000.\0001\0002\000.\0002\000.\0001\000\040\000d\000e\000s\000e\000r\000i\000a\000l\000i\000z\000u\000j\000\050\000\051}{subsection.4.12.2}% 89
\BOOKMARK [3][-]{subsubsection.4.12.2.2}{\376\377\0004\000.\0001\0002\000.\0002\000.\0002\000\040\000d\000o\000d\000a\000j\000K\000o\000m\000p\000o\000n\000e\000n\000t\000\050\000\051}{subsection.4.12.2}% 90
\BOOKMARK [3][-]{subsubsection.4.12.2.3}{\376\377\0004\000.\0001\0002\000.\0002\000.\0003\000\040\000d\000o\000d\000a\000j\000K\000o\000m\000p\000o\000n\000e\000n\000t\000N\000a\000P\000o\000z\000y\000c\000j\000i\000\050\000\051}{subsection.4.12.2}% 91
\BOOKMARK [3][-]{subsubsection.4.12.2.4}{\376\377\0004\000.\0001\0002\000.\0002\000.\0004\000\040\000p\000o\000b\000i\000e\000r\000z\000T\000y\000p\000y\000K\000o\000m\000p\000o\000n\000e\000n\000t\000o\000w\000\050\000\051}{subsection.4.12.2}% 92
\BOOKMARK [3][-]{subsubsection.4.12.2.5}{\376\377\0004\000.\0001\0002\000.\0002\000.\0005\000\040\000s\000e\000r\000i\000a\000l\000i\000z\000u\000j\000\050\000\051}{subsection.4.12.2}% 93
\BOOKMARK [3][-]{subsubsection.4.12.2.6}{\376\377\0004\000.\0001\0002\000.\0002\000.\0006\000\040\000s\000y\000m\000u\000l\000u\000j\000\050\000\051}{subsection.4.12.2}% 94
\BOOKMARK [3][-]{subsubsection.4.12.2.7}{\376\377\0004\000.\0001\0002\000.\0002\000.\0007\000\040\000u\000s\000t\000a\000w\000Z\000a\000m\000k\000n\000i\000e\000t\000a\000\050\000\051}{subsection.4.12.2}% 95
\BOOKMARK [3][-]{subsubsection.4.12.2.8}{\376\377\0004\000.\0001\0002\000.\0002\000.\0008\000\040\000u\000s\000u\000n\000K\000o\000m\000p\000o\000n\000e\000n\000t\000\050\000\051}{subsection.4.12.2}% 96
\BOOKMARK [1][-]{section.4.13}{\376\377\0004\000.\0001\0003\000\040\000P\000r\000o\000s\000t\000o\000k\000a\000t\000\040\000C\000l\000a\000s\000s\000\040\000R\000e\000f\000e\000r\000e\000n\000c\000e}{chapter.4}% 97
\BOOKMARK [2][-]{subsection.4.13.1}{\376\377\0004\000.\0001\0003\000.\0001\000\040\000M\000e\000m\000b\000e\000r\000\040\000F\000u\000n\000c\000t\000i\000o\000n\000\040\000D\000o\000c\000u\000m\000e\000n\000t\000a\000t\000i\000o\000n}{section.4.13}% 98
\BOOKMARK [3][-]{subsubsection.4.13.1.1}{\376\377\0004\000.\0001\0003\000.\0001\000.\0001\000\040\000s\000e\000r\000i\000a\000l\000i\000z\000u\000j\000\050\000\051}{subsection.4.13.1}% 99
\BOOKMARK [1][-]{section.4.14}{\376\377\0004\000.\0001\0004\000\040\000R\000e\000g\000u\000l\000a\000t\000o\000r\000P\000I\000D\000\040\000C\000l\000a\000s\000s\000\040\000R\000e\000f\000e\000r\000e\000n\000c\000e}{chapter.4}% 100
\BOOKMARK [2][-]{subsection.4.14.1}{\376\377\0004\000.\0001\0004\000.\0001\000\040\000D\000e\000t\000a\000i\000l\000e\000d\000\040\000D\000e\000s\000c\000r\000i\000p\000t\000i\000o\000n}{section.4.14}% 101
\BOOKMARK [2][-]{subsection.4.14.2}{\376\377\0004\000.\0001\0004\000.\0002\000\040\000C\000o\000n\000s\000t\000r\000u\000c\000t\000o\000r\000\040\000\046\000\040\000D\000e\000s\000t\000r\000u\000c\000t\000o\000r\000\040\000D\000o\000c\000u\000m\000e\000n\000t\000a\000t\000i\000o\000n}{section.4.14}% 102
\BOOKMARK [3][-]{subsubsection.4.14.2.1}{\376\377\0004\000.\0001\0004\000.\0002\000.\0001\000\040\000R\000e\000g\000u\000l\000a\000t\000o\000r\000P\000I\000D\000\050\000\051\000\040\000[\0001\000/\0003\000]}{subsection.4.14.2}% 103
\BOOKMARK [3][-]{subsubsection.4.14.2.2}{\376\377\0004\000.\0001\0004\000.\0002\000.\0002\000\040\000R\000e\000g\000u\000l\000a\000t\000o\000r\000P\000I\000D\000\050\000\051\000\040\000[\0002\000/\0003\000]}{subsection.4.14.2}% 104
\BOOKMARK [3][-]{subsubsection.4.14.2.3}{\376\377\0004\000.\0001\0004\000.\0002\000.\0003\000\040\000R\000e\000g\000u\000l\000a\000t\000o\000r\000P\000I\000D\000\050\000\051\000\040\000[\0003\000/\0003\000]}{subsection.4.14.2}% 105
\BOOKMARK [2][-]{subsection.4.14.3}{\376\377\0004\000.\0001\0004\000.\0003\000\040\000M\000e\000m\000b\000e\000r\000\040\000F\000u\000n\000c\000t\000i\000o\000n\000\040\000D\000o\000c\000u\000m\000e\000n\000t\000a\000t\000i\000o\000n}{section.4.14}% 106
\BOOKMARK [3][-]{subsubsection.4.14.3.1}{\376\377\0004\000.\0001\0004\000.\0003\000.\0001\000\040\000s\000y\000m\000u\000l\000u\000j\000\050\000\051}{subsection.4.14.3}% 107
\BOOKMARK [1][-]{section.4.15}{\376\377\0004\000.\0001\0005\000\040\000S\000i\000n\000u\000s\000\040\000C\000l\000a\000s\000s\000\040\000R\000e\000f\000e\000r\000e\000n\000c\000e}{chapter.4}% 108
\BOOKMARK [2][-]{subsection.4.15.1}{\376\377\0004\000.\0001\0005\000.\0001\000\040\000M\000e\000m\000b\000e\000r\000\040\000F\000u\000n\000c\000t\000i\000o\000n\000\040\000D\000o\000c\000u\000m\000e\000n\000t\000a\000t\000i\000o\000n}{section.4.15}% 109
\BOOKMARK [3][-]{subsubsection.4.15.1.1}{\376\377\0004\000.\0001\0005\000.\0001\000.\0001\000\040\000s\000e\000r\000i\000a\000l\000i\000z\000u\000j\000\050\000\051}{subsection.4.15.1}% 110
\BOOKMARK [1][-]{section.4.16}{\376\377\0004\000.\0001\0006\000\040\000S\000t\000a\000l\000a\000\040\000C\000l\000a\000s\000s\000\040\000R\000e\000f\000e\000r\000e\000n\000c\000e}{chapter.4}% 111
\BOOKMARK [2][-]{subsection.4.16.1}{\376\377\0004\000.\0001\0006\000.\0001\000\040\000M\000e\000m\000b\000e\000r\000\040\000F\000u\000n\000c\000t\000i\000o\000n\000\040\000D\000o\000c\000u\000m\000e\000n\000t\000a\000t\000i\000o\000n}{section.4.16}% 112
\BOOKMARK [3][-]{subsubsection.4.16.1.1}{\376\377\0004\000.\0001\0006\000.\0001\000.\0001\000\040\000s\000e\000r\000i\000a\000l\000i\000z\000u\000j\000\050\000\051}{subsection.4.16.1}% 113
\BOOKMARK [1][-]{section.4.17}{\376\377\0004\000.\0001\0007\000\040\000S\000y\000g\000n\000a\000l\000\040\000C\000l\000a\000s\000s\000\040\000R\000e\000f\000e\000r\000e\000n\000c\000e}{chapter.4}% 114
\BOOKMARK [2][-]{subsection.4.17.1}{\376\377\0004\000.\0001\0007\000.\0001\000\040\000D\000e\000t\000a\000i\000l\000e\000d\000\040\000D\000e\000s\000c\000r\000i\000p\000t\000i\000o\000n}{section.4.17}% 115
\BOOKMARK [2][-]{subsection.4.17.2}{\376\377\0004\000.\0001\0007\000.\0002\000\040\000M\000e\000m\000b\000e\000r\000\040\000F\000u\000n\000c\000t\000i\000o\000n\000\040\000D\000o\000c\000u\000m\000e\000n\000t\000a\000t\000i\000o\000n}{section.4.17}% 116
\BOOKMARK [3][-]{subsubsection.4.17.2.1}{\376\377\0004\000.\0001\0007\000.\0002\000.\0001\000\040\000k\000l\000o\000n\000u\000j\000\050\000\051}{subsection.4.17.2}% 117
\BOOKMARK [3][-]{subsubsection.4.17.2.2}{\376\377\0004\000.\0001\0007\000.\0002\000.\0002\000\040\000s\000e\000r\000i\000a\000l\000i\000z\000u\000j\000\050\000\051}{subsection.4.17.2}% 118
\BOOKMARK [3][-]{subsubsection.4.17.2.3}{\376\377\0004\000.\0001\0007\000.\0002\000.\0003\000\040\000s\000y\000m\000u\000l\000u\000j\000\050\000\051}{subsection.4.17.2}% 119
\BOOKMARK [1][-]{section.4.18}{\376\377\0004\000.\0001\0008\000\040\000S\000y\000g\000n\000a\000l\000S\000t\000a\000l\000y\000\040\000C\000l\000a\000s\000s\000\040\000R\000e\000f\000e\000r\000e\000n\000c\000e}{chapter.4}% 120
\BOOKMARK [2][-]{subsection.4.18.1}{\376\377\0004\000.\0001\0008\000.\0001\000\040\000D\000e\000t\000a\000i\000l\000e\000d\000\040\000D\000e\000s\000c\000r\000i\000p\000t\000i\000o\000n}{section.4.18}% 121
\BOOKMARK [2][-]{subsection.4.18.2}{\376\377\0004\000.\0001\0008\000.\0002\000\040\000C\000o\000n\000s\000t\000r\000u\000c\000t\000o\000r\000\040\000\046\000\040\000D\000e\000s\000t\000r\000u\000c\000t\000o\000r\000\040\000D\000o\000c\000u\000m\000e\000n\000t\000a\000t\000i\000o\000n}{section.4.18}% 122
\BOOKMARK [3][-]{subsubsection.4.18.2.1}{\376\377\0004\000.\0001\0008\000.\0002\000.\0001\000\040\000S\000y\000g\000n\000a\000l\000S\000t\000a\000l\000y\000\050\000\051}{subsection.4.18.2}% 123
\BOOKMARK [2][-]{subsection.4.18.3}{\376\377\0004\000.\0001\0008\000.\0003\000\040\000M\000e\000m\000b\000e\000r\000\040\000F\000u\000n\000c\000t\000i\000o\000n\000\040\000D\000o\000c\000u\000m\000e\000n\000t\000a\000t\000i\000o\000n}{section.4.18}% 124
\BOOKMARK [3][-]{subsubsection.4.18.3.1}{\376\377\0004\000.\0001\0008\000.\0003\000.\0001\000\040\000k\000l\000o\000n\000u\000j\000\050\000\051}{subsection.4.18.3}% 125
\BOOKMARK [3][-]{subsubsection.4.18.3.2}{\376\377\0004\000.\0001\0008\000.\0003\000.\0002\000\040\000s\000e\000r\000i\000a\000l\000i\000z\000u\000j\000\050\000\051}{subsection.4.18.3}% 126
\BOOKMARK [3][-]{subsubsection.4.18.3.3}{\376\377\0004\000.\0001\0008\000.\0003\000.\0003\000\040\000s\000y\000m\000u\000l\000u\000j\000\050\000\051}{subsection.4.18.3}% 127
\BOOKMARK [1][-]{section.4.19}{\376\377\0004\000.\0001\0009\000\040\000S\000y\000g\000n\000a\000l\000Z\000l\000o\000z\000o\000n\000y\000\040\000C\000l\000a\000s\000s\000\040\000R\000e\000f\000e\000r\000e\000n\000c\000e}{chapter.4}% 128
\BOOKMARK [2][-]{subsection.4.19.1}{\376\377\0004\000.\0001\0009\000.\0001\000\040\000M\000e\000m\000b\000e\000r\000\040\000F\000u\000n\000c\000t\000i\000o\000n\000\040\000D\000o\000c\000u\000m\000e\000n\000t\000a\000t\000i\000o\000n}{section.4.19}% 129
\BOOKMARK [3][-]{subsubsection.4.19.1.1}{\376\377\0004\000.\0001\0009\000.\0001\000.\0001\000\040\000s\000e\000r\000i\000a\000l\000i\000z\000u\000j\000\050\000\051}{subsection.4.19.1}% 130
\BOOKMARK [1][-]{section.4.20}{\376\377\0004\000.\0002\0000\000\040\000S\000z\000u\000m\000B\000i\000a\000l\000y\000\040\000C\000l\000a\000s\000s\000\040\000R\000e\000f\000e\000r\000e\000n\000c\000e}{chapter.4}% 131
\BOOKMARK [2][-]{subsection.4.20.1}{\376\377\0004\000.\0002\0000\000.\0001\000\040\000M\000e\000m\000b\000e\000r\000\040\000F\000u\000n\000c\000t\000i\000o\000n\000\040\000D\000o\000c\000u\000m\000e\000n\000t\000a\000t\000i\000o\000n}{section.4.20}% 132
\BOOKMARK [3][-]{subsubsection.4.20.1.1}{\376\377\0004\000.\0002\0000\000.\0001\000.\0001\000\040\000s\000e\000r\000i\000a\000l\000i\000z\000u\000j\000\050\000\051}{subsection.4.20.1}% 133
\BOOKMARK [1][-]{section.4.21}{\376\377\0004\000.\0002\0001\000\040\000T\000r\000o\000j\000k\000a\000t\000\040\000C\000l\000a\000s\000s\000\040\000R\000e\000f\000e\000r\000e\000n\000c\000e}{chapter.4}% 134
\BOOKMARK [2][-]{subsection.4.21.1}{\376\377\0004\000.\0002\0001\000.\0001\000\040\000M\000e\000m\000b\000e\000r\000\040\000F\000u\000n\000c\000t\000i\000o\000n\000\040\000D\000o\000c\000u\000m\000e\000n\000t\000a\000t\000i\000o\000n}{section.4.21}% 135
\BOOKMARK [3][-]{subsubsection.4.21.1.1}{\376\377\0004\000.\0002\0001\000.\0001\000.\0001\000\040\000s\000e\000r\000i\000a\000l\000i\000z\000u\000j\000\050\000\051}{subsection.4.21.1}% 136
\BOOKMARK [0][-]{chapter.5}{\376\377\0005\000\040\000F\000i\000l\000e\000\040\000D\000o\000c\000u\000m\000e\000n\000t\000a\000t\000i\000o\000n}{}% 137
\BOOKMARK [1][-]{section.5.1}{\376\377\0005\000.\0001\000\040\000P\000r\000o\000g\000r\000a\000m\000o\000w\000a\000n\000i\000e\000\137\000O\000b\000i\000e\000k\000t\000o\000w\000e\000\137\0000\0004\000/\000D\000e\000k\000o\000r\000a\000t\000o\000r\000.\000h\000\040\000F\000i\000l\000e\000\040\000R\000e\000f\000e\000r\000e\000n\000c\000e}{chapter.5}% 138
\BOOKMARK [1][-]{section.5.2}{\376\377\0005\000.\0002\000\040\000D\000e\000k\000o\000r\000a\000t\000o\000r\000.\000h}{chapter.5}% 139
\BOOKMARK [1][-]{section.5.3}{\376\377\0005\000.\0003\000\040\000P\000r\000o\000g\000r\000a\000m\000o\000w\000a\000n\000i\000e\000\137\000O\000b\000i\000e\000k\000t\000o\000w\000e\000\137\0000\0004\000/\000D\000e\000k\000o\000r\000a\000t\000o\000r\000N\000a\000s\000y\000c\000e\000n\000i\000e\000.\000h\000\040\000F\000i\000l\000e\000\040\000R\000e\000f\000e\000r\000e\000n\000c\000e}{chapter.5}% 140
\BOOKMARK [2][-]{subsection.5.3.1}{\376\377\0005\000.\0003\000.\0001\000\040\000D\000e\000t\000a\000i\000l\000e\000d\000\040\000D\000e\000s\000c\000r\000i\000p\000t\000i\000o\000n}{section.5.3}% 141
\BOOKMARK [1][-]{section.5.4}{\376\377\0005\000.\0004\000\040\000D\000e\000k\000o\000r\000a\000t\000o\000r\000N\000a\000s\000y\000c\000e\000n\000i\000e\000.\000h}{chapter.5}% 142
\BOOKMARK [1][-]{section.5.5}{\376\377\0005\000.\0005\000\040\000P\000r\000o\000g\000r\000a\000m\000o\000w\000a\000n\000i\000e\000\137\000O\000b\000i\000e\000k\000t\000o\000w\000e\000\137\0000\0004\000/\000D\000e\000k\000o\000r\000a\000t\000o\000r\000P\000r\000o\000s\000t\000o\000k\000a\000t\000.\000h\000\040\000F\000i\000l\000e\000\040\000R\000e\000f\000e\000r\000e\000n\000c\000e}{chapter.5}% 143
\BOOKMARK [2][-]{subsection.5.5.1}{\376\377\0005\000.\0005\000.\0001\000\040\000D\000e\000t\000a\000i\000l\000e\000d\000\040\000D\000e\000s\000c\000r\000i\000p\000t\000i\000o\000n}{section.5.5}% 144
\BOOKMARK [1][-]{section.5.6}{\376\377\0005\000.\0006\000\040\000D\000e\000k\000o\000r\000a\000t\000o\000r\000P\000r\000o\000s\000t\000o\000k\000a\000t\000.\000h}{chapter.5}% 145
\BOOKMARK [1][-]{section.5.7}{\376\377\0005\000.\0007\000\040\000P\000r\000o\000g\000r\000a\000m\000o\000w\000a\000n\000i\000e\000\137\000O\000b\000i\000e\000k\000t\000o\000w\000e\000\137\0000\0004\000/\000D\000e\000k\000o\000r\000a\000t\000o\000r\000S\000i\000n\000u\000s\000.\000h\000\040\000F\000i\000l\000e\000\040\000R\000e\000f\000e\000r\000e\000n\000c\000e}{chapter.5}% 146
\BOOKMARK [2][-]{subsection.5.7.1}{\376\377\0005\000.\0007\000.\0001\000\040\000D\000e\000t\000a\000i\000l\000e\000d\000\040\000D\000e\000s\000c\000r\000i\000p\000t\000i\000o\000n}{section.5.7}% 147
\BOOKMARK [1][-]{section.5.8}{\376\377\0005\000.\0008\000\040\000D\000e\000k\000o\000r\000a\000t\000o\000r\000S\000i\000n\000u\000s\000.\000h}{chapter.5}% 148
\BOOKMARK [1][-]{section.5.9}{\376\377\0005\000.\0009\000\040\000P\000r\000o\000g\000r\000a\000m\000o\000w\000a\000n\000i\000e\000\137\000O\000b\000i\000e\000k\000t\000o\000w\000e\000\137\0000\0004\000/\000D\000e\000k\000o\000r\000a\000t\000o\000r\000S\000z\000u\000m\000B\000i\000a\000l\000y\000.\000h\000\040\000F\000i\000l\000e\000\040\000R\000e\000f\000e\000r\000e\000n\000c\000e}{chapter.5}% 149
\BOOKMARK [2][-]{subsection.5.9.1}{\376\377\0005\000.\0009\000.\0001\000\040\000D\000e\000t\000a\000i\000l\000e\000d\000\040\000D\000e\000s\000c\000r\000i\000p\000t\000i\000o\000n}{section.5.9}% 150
\BOOKMARK [1][-]{section.5.10}{\376\377\0005\000.\0001\0000\000\040\000D\000e\000k\000o\000r\000a\000t\000o\000r\000S\000z\000u\000m\000B\000i\000a\000l\000y\000.\000h}{chapter.5}% 151
\BOOKMARK [1][-]{section.5.11}{\376\377\0005\000.\0001\0001\000\040\000P\000r\000o\000g\000r\000a\000m\000o\000w\000a\000n\000i\000e\000\137\000O\000b\000i\000e\000k\000t\000o\000w\000e\000\137\0000\0004\000/\000D\000e\000k\000o\000r\000a\000t\000o\000r\000T\000r\000o\000j\000k\000a\000t\000.\000h\000\040\000F\000i\000l\000e\000\040\000R\000e\000f\000e\000r\000e\000n\000c\000e}{chapter.5}% 152
\BOOKMARK [2][-]{subsection.5.11.1}{\376\377\0005\000.\0001\0001\000.\0001\000\040\000D\000e\000t\000a\000i\000l\000e\000d\000\040\000D\000e\000s\000c\000r\000i\000p\000t\000i\000o\000n}{section.5.11}% 153
\BOOKMARK [1][-]{section.5.12}{\376\377\0005\000.\0001\0002\000\040\000D\000e\000k\000o\000r\000a\000t\000o\000r\000T\000r\000o\000j\000k\000a\000t\000.\000h}{chapter.5}% 154
\BOOKMARK [1][-]{section.5.13}{\376\377\0005\000.\0001\0003\000\040\000D\000e\000s\000e\000r\000i\000a\000l\000i\000z\000a\000c\000j\000a\000.\000h}{chapter.5}% 155
\BOOKMARK [1][-]{section.5.14}{\376\377\0005\000.\0001\0004\000\040\000P\000r\000o\000g\000r\000a\000m\000o\000w\000a\000n\000i\000e\000\137\000O\000b\000i\000e\000k\000t\000o\000w\000e\000\137\0000\0004\000/\000K\000o\000n\000f\000i\000g\000u\000r\000a\000c\000j\000a\000.\000h\000\040\000F\000i\000l\000e\000\040\000R\000e\000f\000e\000r\000e\000n\000c\000e}{chapter.5}% 156
\BOOKMARK [2][-]{subsection.5.14.1}{\376\377\0005\000.\0001\0004\000.\0001\000\040\000D\000e\000t\000a\000i\000l\000e\000d\000\040\000D\000e\000s\000c\000r\000i\000p\000t\000i\000o\000n}{section.5.14}% 157
\BOOKMARK [1][-]{section.5.15}{\376\377\0005\000.\0001\0005\000\040\000K\000o\000n\000f\000i\000g\000u\000r\000a\000c\000j\000a\000.\000h}{chapter.5}% 158
\BOOKMARK [1][-]{section.5.16}{\376\377\0005\000.\0001\0006\000\040\000M\000o\000d\000e\000l\000A\000R\000X\000.\000h}{chapter.5}% 159
\BOOKMARK [1][-]{section.5.17}{\376\377\0005\000.\0001\0007\000\040\000N\000a\000s\000y\000c\000e\000n\000i\000e\000.\000h}{chapter.5}% 160
\BOOKMARK [1][-]{section.5.18}{\376\377\0005\000.\0001\0008\000\040\000P\000r\000o\000g\000r\000a\000m\000o\000w\000a\000n\000i\000e\000\137\000O\000b\000i\000e\000k\000t\000o\000w\000e\000\137\0000\0004\000/\000O\000b\000i\000e\000k\000t\000S\000I\000S\000O\000.\000h\000\040\000F\000i\000l\000e\000\040\000R\000e\000f\000e\000r\000e\000n\000c\000e}{chapter.5}% 161
\BOOKMARK [2][-]{subsection.5.18.1}{\376\377\0005\000.\0001\0008\000.\0001\000\040\000D\000e\000t\000a\000i\000l\000e\000d\000\040\000D\000e\000s\000c\000r\000i\000p\000t\000i\000o\000n}{section.5.18}% 162
\BOOKMARK [1][-]{section.5.19}{\376\377\0005\000.\0001\0009\000\040\000O\000b\000i\000e\000k\000t\000S\000I\000S\000O\000.\000h}{chapter.5}% 163
\BOOKMARK [1][-]{section.5.20}{\376\377\0005\000.\0002\0000\000\040\000P\000r\000o\000g\000r\000a\000m\000o\000w\000a\000n\000i\000e\000\137\000O\000b\000i\000e\000k\000t\000o\000w\000e\000\137\0000\0004\000/\000O\000b\000i\000e\000k\000t\000S\000t\000a\000t\000y\000c\000z\000n\000y\000.\000h\000\040\000F\000i\000l\000e\000\040\000R\000e\000f\000e\000r\000e\000n\000c\000e}{chapter.5}% 164
\BOOKMARK [2][-]{subsection.5.20.1}{\376\377\0005\000.\0002\0000\000.\0001\000\040\000D\000e\000t\000a\000i\000l\000e\000d\000\040\000D\000e\000s\000c\000r\000i\000p\000t\000i\000o\000n}{section.5.20}% 165
\BOOKMARK [1][-]{section.5.21}{\376\377\0005\000.\0002\0001\000\040\000O\000b\000i\000e\000k\000t\000S\000t\000a\000t\000y\000c\000z\000n\000y\000.\000h}{chapter.5}% 166
\BOOKMARK [1][-]{section.5.22}{\376\377\0005\000.\0002\0002\000\040\000P\000r\000o\000g\000r\000a\000m\000o\000w\000a\000n\000i\000e\000\137\000O\000b\000i\000e\000k\000t\000o\000w\000e\000\137\0000\0004\000/\000P\000e\000t\000l\000a\000U\000A\000R\000.\000h\000\040\000F\000i\000l\000e\000\040\000R\000e\000f\000e\000r\000e\000n\000c\000e}{chapter.5}% 167
\BOOKMARK [2][-]{subsection.5.22.1}{\376\377\0005\000.\0002\0002\000.\0001\000\040\000D\000e\000t\000a\000i\000l\000e\000d\000\040\000D\000e\000s\000c\000r\000i\000p\000t\000i\000o\000n}{section.5.22}% 168
\BOOKMARK [1][-]{section.5.23}{\376\377\0005\000.\0002\0003\000\040\000P\000e\000t\000l\000a\000U\000A\000R\000.\000h}{chapter.5}% 169
\BOOKMARK [1][-]{section.5.24}{\376\377\0005\000.\0002\0004\000\040\000P\000r\000o\000s\000t\000o\000k\000a\000t\000.\000h}{chapter.5}% 170
\BOOKMARK [1][-]{section.5.25}{\376\377\0005\000.\0002\0005\000\040\000P\000r\000o\000g\000r\000a\000m\000o\000w\000a\000n\000i\000e\000\137\000O\000b\000i\000e\000k\000t\000o\000w\000e\000\137\0000\0004\000/\000R\000e\000g\000u\000l\000a\000t\000o\000r\000P\000I\000D\000.\000h\000\040\000F\000i\000l\000e\000\040\000R\000e\000f\000e\000r\000e\000n\000c\000e}{chapter.5}% 171
\BOOKMARK [2][-]{subsection.5.25.1}{\376\377\0005\000.\0002\0005\000.\0001\000\040\000D\000e\000t\000a\000i\000l\000e\000d\000\040\000D\000e\000s\000c\000r\000i\000p\000t\000i\000o\000n}{section.5.25}% 172
\BOOKMARK [1][-]{section.5.26}{\376\377\0005\000.\0002\0006\000\040\000R\000e\000g\000u\000l\000a\000t\000o\000r\000P\000I\000D\000.\000h}{chapter.5}% 173
\BOOKMARK [1][-]{section.5.27}{\376\377\0005\000.\0002\0007\000\040\000S\000i\000n\000u\000s\000.\000h}{chapter.5}% 174
\BOOKMARK [1][-]{section.5.28}{\376\377\0005\000.\0002\0008\000\040\000S\000t\000a\000l\000a\000.\000h}{chapter.5}% 175
\BOOKMARK [1][-]{section.5.29}{\376\377\0005\000.\0002\0009\000\040\000P\000r\000o\000g\000r\000a\000m\000o\000w\000a\000n\000i\000e\000\137\000O\000b\000i\000e\000k\000t\000o\000w\000e\000\137\0000\0004\000/\000S\000y\000g\000n\000a\000l\000.\000h\000\040\000F\000i\000l\000e\000\040\000R\000e\000f\000e\000r\000e\000n\000c\000e}{chapter.5}% 176
\BOOKMARK [2][-]{subsection.5.29.1}{\376\377\0005\000.\0002\0009\000.\0001\000\040\000D\000e\000t\000a\000i\000l\000e\000d\000\040\000D\000e\000s\000c\000r\000i\000p\000t\000i\000o\000n}{section.5.29}% 177
\BOOKMARK [2][-]{subsection.5.29.2}{\376\377\0005\000.\0002\0009\000.\0002\000\040\000F\000u\000n\000c\000t\000i\000o\000n\000\040\000D\000o\000c\000u\000m\000e\000n\000t\000a\000t\000i\000o\000n}{section.5.29}% 178
\BOOKMARK [3][-]{subsubsection.5.29.2.1}{\376\377\0005\000.\0002\0009\000.\0002\000.\0001\000\040\000d\000e\000s\000e\000r\000i\000a\000l\000i\000z\000u\000j\000S\000y\000g\000n\000a\000l\000\050\000\051}{subsection.5.29.2}% 179
\BOOKMARK [1][-]{section.5.30}{\376\377\0005\000.\0003\0000\000\040\000S\000y\000g\000n\000a\000l\000.\000h}{chapter.5}% 180
\BOOKMARK [1][-]{section.5.31}{\376\377\0005\000.\0003\0001\000\040\000P\000r\000o\000g\000r\000a\000m\000o\000w\000a\000n\000i\000e\000\137\000O\000b\000i\000e\000k\000t\000o\000w\000e\000\137\0000\0004\000/\000S\000y\000g\000n\000a\000l\000S\000t\000a\000l\000y\000.\000h\000\040\000F\000i\000l\000e\000\040\000R\000e\000f\000e\000r\000e\000n\000c\000e}{chapter.5}% 181
\BOOKMARK [2][-]{subsection.5.31.1}{\376\377\0005\000.\0003\0001\000.\0001\000\040\000D\000e\000t\000a\000i\000l\000e\000d\000\040\000D\000e\000s\000c\000r\000i\000p\000t\000i\000o\000n}{section.5.31}% 182
\BOOKMARK [1][-]{section.5.32}{\376\377\0005\000.\0003\0002\000\040\000S\000y\000g\000n\000a\000l\000S\000t\000a\000l\000y\000.\000h}{chapter.5}% 183
\BOOKMARK [1][-]{section.5.33}{\376\377\0005\000.\0003\0003\000\040\000S\000y\000g\000n\000a\000l\000Z\000l\000o\000z\000o\000n\000y\000.\000h}{chapter.5}% 184
\BOOKMARK [1][-]{section.5.34}{\376\377\0005\000.\0003\0004\000\040\000S\000z\000u\000m\000B\000i\000a\000l\000y\000.\000h}{chapter.5}% 185
\BOOKMARK [1][-]{section.5.35}{\376\377\0005\000.\0003\0005\000\040\000P\000r\000o\000g\000r\000a\000m\000o\000w\000a\000n\000i\000e\000\137\000O\000b\000i\000e\000k\000t\000o\000w\000e\000\137\0000\0004\000/\000T\000e\000s\000t\000y\000K\000o\000n\000f\000i\000g\000u\000r\000a\000c\000j\000i\000.\000h\000\040\000F\000i\000l\000e\000\040\000R\000e\000f\000e\000r\000e\000n\000c\000e}{chapter.5}% 186
\BOOKMARK [2][-]{subsection.5.35.1}{\376\377\0005\000.\0003\0005\000.\0001\000\040\000D\000e\000t\000a\000i\000l\000e\000d\000\040\000D\000e\000s\000c\000r\000i\000p\000t\000i\000o\000n}{section.5.35}% 187
\BOOKMARK [1][-]{section.5.36}{\376\377\0005\000.\0003\0006\000\040\000T\000e\000s\000t\000y\000K\000o\000n\000f\000i\000g\000u\000r\000a\000c\000j\000i\000.\000h}{chapter.5}% 188
\BOOKMARK [1][-]{section.5.37}{\376\377\0005\000.\0003\0007\000\040\000T\000r\000o\000j\000k\000a\000t\000.\000h}{chapter.5}% 189
